task,action
top,c
top,o
options,b
setNblank,1
options,x
top,x